// Jest Snapshot v1, https://goo.gl/fbAQLP

exports[`PageTitle should render normally 1`] = `
<EuiText
  grow={true}
>
  <h1
    data-test-subj="managementSettingsTitle"
  >
    Settin1gs
  </h1>
</EuiText>
`;
